conda : ERROR conda.cli.main_run:execute(142): `conda run python -m pytest -v 
test/harness/test_interaction_consistency.py::TestInteractionConsistency::test_circle_move_resize` failed. (See above 
for error)
In Zeile:1 Zeichen:1
+ conda run -n cad_env python -m pytest -v test/harness/test_interactio ...
+ ~~~~~~~~~~~~~~~~~~~~~~~~~~~~~~~~~~~~~~~~~~~~~~~~~~~~~~~~~~~~~~~~~~~~~
    + CategoryInfo          : NotSpecified: (ERROR conda.cli...bove for error):String) [], RemoteException
    + FullyQualifiedErrorId : NativeCommandError
 
============================= test session starts =============================
platform win32 -- Python 3.11.14, pytest-9.0.2, pluggy-1.6.0 -- C:\Users\User\miniforge3\envs\cad_env\python.exe
cachedir: .pytest_cache
rootdir: C:\LiteCad
configfile: pytest.ini
collecting ... collected 1 item

test/harness/test_interaction_consistency.py::TestInteractionConsistency::test_circle_move_resize FAILED [100%]

================================== FAILURES ===================================
_____________ TestInteractionConsistency.test_circle_move_resize ______________
test\harness\test_interaction_consistency.py:173: in test_circle_move_resize
    assert abs(circle.center.x - 20.0) < 1.0, f"Circle center X should be ~20, got {circle.center.x}"
E   AssertionError: Circle center X should be ~20, got 0.0
E   assert 20.0 < 1.0
E    +  where 20.0 = abs((0.0 - 20.0))
E    +    where 0.0 = P(0.00, 0.00).x
E    +      where P(0.00, 0.00) = Circle(center=P(0.00, 0.00), r=10.00).center
---------------------------- Captured stderr setup ----------------------------
21:06:51 | DEBUG    | Component erstellt: Root (id=f024ec74)
21:06:51 | INFO     | [ASSEMBLY] Component-System aktiviert f├â┬╝r 'Projekt1'
21:06:54 | DEBUG    | FPS-Observer an RenderWindow angeh├ñngt
21:06:54 | DEBUG    | RenderQueue initialisiert (mit FPS-Tracking)
21:06:54 | INFO     | Ready
21:06:54 | INFO     | Ready. PyVista & Build123d active.
21:06:55 | DEBUG    | [preview] clear transient previews: mode:3d->sketch
21:06:55 | DEBUG    | Sketch-Pfad-Modus beendet
=========================== short test summary info ===========================
FAILED test/harness/test_interaction_consistency.py::TestInteractionConsistency::test_circle_move_resize - AssertionError: Circle center X should be ~20, got 0.0
assert 20.0 < 1.0
 +  where 20.0 = abs((0.0 - 20.0))
 +    where 0.0 = P(0.00, 0.00).x
 +      where P(0.00, 0.00) = Circle(center=P(0.00, 0.00), r=10.00).center
============================= 1 failed in 11.47s ==============================
